2026-06-12T11:32:15.717+07:00 DEBUG 11675 --- [chat-app] [nio-9010-exec-1] .c.c.WebSocketSecurityChannelInterceptor : [preSend] message: , STOMP command: UNSUBSCRIBE, destination: null
2026-06-12T11:32:15.737+07:00 DEBUG 11675 --- [chat-app] [nio-9010-exec-1] .c.c.WebSocketSecurityChannelInterceptor : [Start validateAuthentication] Session attributes: {user=User(2, vegeta, vegeta)}
2026-06-12T11:32:15.741+07:00 DEBUG 11675 --- [chat-app] [nio-9010-exec-1] c.h.c.i.RabbitMQSubscriptionInterceptor  : Intercepting UNSUBSCRIBE: sessionId=idx5i5mc, subscriptionId=sub-0
2026-06-12T11:32:15.743+07:00 DEBUG 11675 --- [chat-app] [nio-9010-exec-1] c.h.c.c.CustomRabbitMQBrokerHandler      : Handling unsubscribe: sessionId=idx5i5mc, subscriptionId=sub-0, instanceId=instance-dev
2026-06-12T11:32:15.744+07:00 DEBUG 11675 --- [chat-app] [nio-9010-exec-1] c.h.c.c.CustomRabbitMQBrokerHandler      : Tracked destination found for unsubscribe: sessionId=idx5i5mc, subscriptionId=sub-0, destination=/topic/group.18
2026-06-12T11:32:15.766+07:00 DEBUG 11675 --- [chat-app] [nio-9010-exec-1] c.h.c.c.CustomRabbitMQBrokerHandler      : Removed RabbitMQ binding: queue=ws.instance-dev.inbound, exchange=chat.groups, routingKey=group.18, destination=/topic/group.18
2026-06-12T11:32:15.769+07:00 DEBUG 11675 --- [chat-app] [nio-9010-exec-1] .c.c.WebSocketSecurityChannelInterceptor : [preSend] message: , STOMP command: SUBSCRIBE, destination: /topic/group.2
2026-06-12T11:32:15.769+07:00 DEBUG 11675 --- [chat-app] [nio-9010-exec-1] .c.c.WebSocketSecurityChannelInterceptor : [Start validateAuthentication] Session attributes: {user=User(2, vegeta, vegeta)}
2026-06-12T11:32:15.770+07:00 DEBUG 11675 --- [chat-app] [nio-9010-exec-1] .c.c.WebSocketSecurityChannelInterceptor : [Start validateSubscription] User: User(2, vegeta, vegeta)
Hibernate: select g1_0.id,g1_0.created_at,g1_0.created_by,g1_0.latest_message,g1_0.latest_message_at,g1_0.latest_message_sender,g1_0.name from groups g1_0 where g1_0.id=?
Hibernate: select gp1_0.id,gp1_0.group_id,g1_0.id,g1_0.created_at,g1_0.created_by,cb1_0.id,cb1_0.created_at,cb1_0.fullname,cb1_0.password,cb1_0.username,g1_0.latest_message,g1_0.latest_message_at,g1_0.latest_message_sender,g1_0.name,gp1_0.joined_at,gp1_0.last_read_message_id,gp1_0.user_id from group_participants gp1_0 join groups g1_0 on g1_0.id=gp1_0.group_id join users cb1_0 on cb1_0.id=g1_0.created_by where gp1_0.user_id=? order by coalesce(g1_0.latest_message_at,g1_0.created_at) desc,g1_0.id desc
Hibernate: select gp1_0.id from group_participants gp1_0 where gp1_0.group_id=? and gp1_0.user_id=? fetch first ? rows only
2026-06-12T11:32:15.813+07:00 DEBUG 11675 --- [chat-app] [nio-9010-exec-1] c.h.c.i.RabbitMQSubscriptionInterceptor  : Intercepting SUBSCRIBE: sessionId=idx5i5mc, subscriptionId=sub-2, destination=/topic/group.2
2026-06-12T11:32:15.813+07:00 DEBUG 11675 --- [chat-app] [nio-9010-exec-1] c.h.c.c.CustomRabbitMQBrokerHandler      : Handling subscribe: sessionId=idx5i5mc, subscriptionId=sub-2, destination=/topic/group.2, instanceId=instance-dev
2026-06-12T11:32:15.813+07:00 DEBUG 11675 --- [chat-app] [nio-9010-exec-1] c.h.c.c.CustomRabbitMQBrokerHandler      : sessionSubscriptions: {idx5i5mc={sub-2=/topic/group.2, sub-1=/topic/user.vegeta.group-updates}, fjcgrq0s={sub-2=/topic/group.29, sub-1=/topic/user.anhtu.group-updates}}
2026-06-12T11:32:15.821+07:00 DEBUG 11675 --- [chat-app] [nio-9010-exec-1] c.h.c.c.CustomRabbitMQBrokerHandler      : Created RabbitMQ binding: queue=ws.instance-dev.inbound, exchange=chat.groups, routingKey=group.2, destination=/topic/group.2
Hibernate: select gp1_0.group_id,count(m1_0.id) from group_participants gp1_0 left join messages m1_0 on m1_0.group_id=gp1_0.group_id and (gp1_0.last_read_message_id is null or m1_0.id>gp1_0.last_read_message_id) where gp1_0.user_id=? group by gp1_0.group_id
Hibernate: select g1_0.id,g1_0.created_at,g1_0.created_by,g1_0.latest_message,g1_0.latest_message_at,g1_0.latest_message_sender,g1_0.name from groups g1_0 where g1_0.id=?
Hibernate: select gp1_0.id from group_participants gp1_0 where gp1_0.group_id=? and gp1_0.user_id=? fetch first ? rows only
Hibernate: select m1_0.id,m1_0.content,m1_0.group_id,m1_0.timestamp,m1_0.user_id,u1_0.id,u1_0.created_at,u1_0.fullname,u1_0.password,u1_0.username from messages m1_0 join users u1_0 on u1_0.id=m1_0.user_id where m1_0.group_id=? order by m1_0.timestamp desc,m1_0.id desc fetch first ? rows only
Hibernate: select g1_0.id,g1_0.created_at,g1_0.created_by,g1_0.latest_message,g1_0.latest_message_at,g1_0.latest_message_sender,g1_0.name from groups g1_0 where g1_0.id=?
Hibernate: select gp1_0.id,gp1_0.group_id,gp1_0.joined_at,gp1_0.last_read_message_id,gp1_0.user_id from group_participants gp1_0 where gp1_0.group_id=? and gp1_0.user_id=?
Hibernate: select m1_0.id from messages m1_0 left join groups g1_0 on g1_0.id=m1_0.group_id where m1_0.id=? and g1_0.id=? fetch first ? rows only
Hibernate: update group_participants set group_id=?,joined_at=?,last_read_message_id=?,user_id=? where id=?
